// Jest Snapshot v1, https://goo.gl/fbAQLP

exports[`Accordion Component renders empty list item given no sections 1`] = `
<ul
  className="Accordion"
/>
`;

exports[`Accordion Component renders no sections as active by default 1`] = `
<ul
  className="Accordion"
>
  <li
    className="Accordion__item"
    key="0"
  >
    <button
      onClick={[Function]}
      type="button"
    >
      Section 1
    </button>
  </li>
  <li
    className="Accordion__item"
    key="1"
  >
    <button
      onClick={[Function]}
      type="button"
    >
      Section 2
    </button>
  </li>
  <li
    className="Accordion__item"
    key="2"
  >
    <button
      onClick={[Function]}
      type="button"
    >
      Section 3
    </button>
  </li>
  <p
    className="Accordion__item"
  >
    ONE Lorem ipsum dolor sit amet consectetur adipisicing elit.
  </p>
</ul>
`;
